"01-define-class.cl", line 3:7, Semantic error: Class Int is redefined
"01-define-class.cl", line 7:7, Semantic error: Class has illegal name SELF_TYPE
"01-define-class.cl", line 11:7, Semantic error: Class D is redefined
"01-define-class.cl", line 1:21, Semantic error: Class BB__ has undefined parent A
"01-define-class.cl", line 5:18, Semantic error: Class C has illegal parent Int
"01-define-class.cl", line 9:18, Semantic error: Class D has illegal parent SELF_TYPE
"01-define-class.cl", line 13:7, Semantic error: Inheritance cycle for class E
"01-define-class.cl", line 14:7, Semantic error: Inheritance cycle for class F
"01-define-class.cl", line 15:7, Semantic error: Inheritance cycle for class G
Exception in thread "main" java.lang.ExceptionInInitializerError
	at cool.compiler.Compiler.main(Compiler.java:160)
	at cool.tester.Tester2.main(Tester2.java:31)
Caused by: java.lang.IllegalArgumentException: No such group file: CodeTemplate.stg
	at org.stringtemplate.v4.STGroupFile.<init>(STGroupFile.java:79)
	at org.stringtemplate.v4.STGroupFile.<init>(STGroupFile.java:58)
	at cool.structures.CodeGenVisitor.<clinit>(CodeGenVisitor.java:8)
	... 2 more
