"08-type-relational.cl", line 5:21, Semantic error: Operand of not has type Int instead of Bool
"08-type-relational.cl", line 10:23, Semantic error: Cannot compare String with Bool
Compilation halted
