"19-error-comment.cl", line 2:5, Lexical error: Unmatched *)
Compilation halted
